SET send_logs_level = 'none';
DROP DATABASE IF EXISTS rdb SYNC;
CREATE DATABASE rdb ENGINE = Replicated('/clickhouse/databases/rdb', '{shard}', '{replica}');
SET distributed_ddl_output_mode = 'none';
CREATE TABLE rdb.t     (id UInt64, src String) ENGINE = ReplicatedMergeTree ORDER BY id;
CREATE TABLE rdb.t_new (id UInt64, src String) ENGINE = ReplicatedMergeTree ORDER BY (src, id);
CREATE TABLE rdb.sink_src (id UInt64, src String) ENGINE = ReplicatedMergeTree ORDER BY id;
CREATE MATERIALIZED VIEW rdb.mv_src TO rdb.sink_src AS SELECT id, src FROM rdb.t;
CREATE MATERIALIZED VIEW rdb.t_dual TO rdb.t_new AS SELECT id, src FROM rdb.t;
CREATE TABLE rdb.t_snap AS rdb.t;
INSERT INTO rdb.t VALUES (1, 'pre');
ALTER TABLE rdb.t_snap ATTACH PARTITION tuple() FROM rdb.t;
SELECT 't_snap rows', count() FROM rdb.t_snap;
   ┌─'t_snap rows'─┬─count()─┐
1. │ t_snap rows   │       1 │
   └───────────────┴─────────┘
EXCHANGE TABLES rdb.t AND rdb.t_new;
INSERT INTO rdb.t VALUES (2, 'post-into-name-t');
SELECT * FROM (SELECT 'name t' AS tbl, id, src FROM rdb.t UNION ALL SELECT 'name t_new' AS tbl, id, src FROM rdb.t_new UNION ALL SELECT 'sink_src' AS tbl, id, src FROM rdb.sink_src) ORDER BY tbl, id;
   ┌─tbl────────┬─id─┬─src──────────────┐
1. │ name t     │  1 │ pre              │
2. │ name t     │  2 │ post-into-name-t │
3. │ name t_new │  1 │ pre              │
4. │ name t_new │  2 │ post-into-name-t │
5. │ sink_src   │  1 │ pre              │
6. │ sink_src   │  2 │ post-into-name-t │
   └────────────┴────┴──────────────────┘
SELECT name, engine, uuid FROM system.tables WHERE database='rdb' ORDER BY name;
   ┌─name─────┬─engine──────────────┬─uuid─────────────────────────────────┐
1. │ mv_src   │ MaterializedView    │ 4315d06d-0ab7-4fd5-982c-fa929356dcdd │
2. │ sink_src │ ReplicatedMergeTree │ 60f51f2c-2775-4ca5-adf4-3cf1890e3438 │
3. │ t        │ ReplicatedMergeTree │ fc47f1da-a9ab-4e59-8aa4-fd5885b16ef1 │
4. │ t_dual   │ MaterializedView    │ a6a8785d-7cfe-4138-81d5-42362698c555 │
5. │ t_new    │ ReplicatedMergeTree │ c26cc5cc-8dac-4590-959d-837e9ba85b99 │
6. │ t_snap   │ ReplicatedMergeTree │ 3677a171-32a4-471c-a73b-4eab470f3f0c │
   └──────────┴─────────────────────┴──────────────────────────────────────┘
