DROP DATABASE IF EXISTS a SYNC;
CREATE DATABASE a ENGINE = Atomic;
CREATE TABLE a.t     (id UInt64, src String) ENGINE = MergeTree ORDER BY id;
CREATE TABLE a.t_new (id UInt64, src String) ENGINE = MergeTree ORDER BY (src, id);
CREATE TABLE a.feeder (id UInt64, src String) ENGINE = MergeTree ORDER BY id;
CREATE TABLE a.sink_src (id UInt64, src String, via String) ENGINE = MergeTree ORDER BY id;
-- MV whose SOURCE is t
CREATE MATERIALIZED VIEW a.mv_src TO a.sink_src AS SELECT id, src, 'mv_src' AS via FROM a.t;
-- MV whose TARGET is t
CREATE MATERIALIZED VIEW a.mv_tgt TO a.t AS SELECT id, src FROM a.feeder;
-- the dual-write MV: source t, target t_new
CREATE MATERIALIZED VIEW a.t_dual TO a.t_new AS SELECT id, src FROM a.t;
SELECT name, uuid FROM system.tables WHERE database = 'a' AND name IN ('t','t_new') ORDER BY name;
   ┌─name──┬─uuid─────────────────────────────────┐
1. │ t     │ 74a5209e-d18a-4f82-bc5d-eee4cfdd0e25 │
2. │ t_new │ c2020913-7dce-4281-bab4-3dbdcbc1436f │
   └───────┴──────────────────────────────────────┘
SELECT name, dependencies_table, loading_dependencies_table, loading_dependent_table FROM system.tables WHERE database='a' ORDER BY name;
   ┌─name─────┬─dependencies_table──┬─loading_dependencies_table─┬─loading_dependent_table─┐
1. │ feeder   │ ['mv_tgt']          │ []                         │ []                      │
2. │ mv_src   │ []                  │ []                         │ []                      │
3. │ mv_tgt   │ []                  │ []                         │ []                      │
4. │ sink_src │ []                  │ []                         │ []                      │
5. │ t        │ ['t_dual','mv_src'] │ []                         │ []                      │
6. │ t_dual   │ []                  │ []                         │ []                      │
7. │ t_new    │ []                  │ []                         │ []                      │
   └──────────┴─────────────────────┴────────────────────────────┴─────────────────────────┘
INSERT INTO a.t VALUES (1, 'pre-direct');
INSERT INTO a.feeder VALUES (2, 'pre-feeder');
EXCHANGE TABLES a.t AND a.t_new;
SELECT name, uuid FROM system.tables WHERE database = 'a' AND name IN ('t','t_new') ORDER BY name;
   ┌─name──┬─uuid─────────────────────────────────┐
1. │ t     │ c2020913-7dce-4281-bab4-3dbdcbc1436f │
2. │ t_new │ 74a5209e-d18a-4f82-bc5d-eee4cfdd0e25 │
   └───────┴──────────────────────────────────────┘
SELECT name, dependencies_table FROM system.tables WHERE database='a' ORDER BY name;
   ┌─name─────┬─dependencies_table──┐
1. │ feeder   │ ['mv_tgt']          │
2. │ mv_src   │ []                  │
3. │ mv_tgt   │ []                  │
4. │ sink_src │ []                  │
5. │ t        │ ['t_dual','mv_src'] │
6. │ t_dual   │ []                  │
7. │ t_new    │ []                  │
   └──────────┴─────────────────────┘
SHOW CREATE TABLE a.mv_src FORMAT TSVRaw;
CREATE MATERIALIZED VIEW a.mv_src TO a.sink_src
(
    `id` UInt64,
    `src` String,
    `via` String
)
AS SELECT
    id,
    src,
    'mv_src' AS via
FROM a.t
SHOW CREATE TABLE a.mv_tgt FORMAT TSVRaw;
CREATE MATERIALIZED VIEW a.mv_tgt TO a.t
(
    `id` UInt64,
    `src` String
)
AS SELECT
    id,
    src
FROM a.feeder
SHOW CREATE TABLE a.t_dual FORMAT TSVRaw;
CREATE MATERIALIZED VIEW a.t_dual TO a.t_new
(
    `id` UInt64,
    `src` String
)
AS SELECT
    id,
    src
FROM a.t
INSERT INTO a.t VALUES (3, 'post-direct-into-name-t');
INSERT INTO a.t_new VALUES (4, 'post-direct-into-name-t_new');
INSERT INTO a.feeder VALUES (5, 'post-feeder');
SELECT 'name t' AS tbl, id, src FROM a.t UNION ALL SELECT 'name t_new', id, src FROM a.t_new ORDER BY tbl, id;
Received exception from server (version 26.3.32):
Code: 47. DB::Exception: Received from localhost:9000. DB::Exception: Unknown expression identifier `tbl` in scope SELECT 'name t_new', id, src FROM a.t_new ORDER BY tbl ASC, id ASC. (UNKNOWN_IDENTIFIER)
(query: SELECT 'name t' AS tbl, id, src FROM a.t UNION ALL SELECT 'name t_new', id, src FROM a.t_new ORDER BY tbl, id;)
SELECT 'sink_src' AS tbl, id, src, via FROM a.sink_src ORDER BY id;
   ┌─tbl──────┬─id─┬─src─────────────────────┬─via────┐
1. │ sink_src │  1 │ pre-direct              │ mv_src │
2. │ sink_src │  2 │ pre-feeder              │ mv_src │
3. │ sink_src │  3 │ post-direct-into-name-t │ mv_src │
4. │ sink_src │  5 │ post-feeder             │ mv_src │
   └──────────┴────┴─────────────────────────┴────────┘
