DROP DATABASE IF EXISTS b SYNC;
CREATE DATABASE b;
CREATE TABLE b.t (id UInt64, ts DateTime, payload String) ENGINE = MergeTree PARTITION BY toYYYYMM(ts) ORDER BY id;
INSERT INTO b.t SELECT number, toDateTime('2026-01-01 00:00:00') + intDiv(number, 50000) * 3600 * 24, repeat('x', 40) FROM numbers(5000000) SETTINGS max_partitions_per_insert_block = 1000;
OPTIMIZE TABLE b.t FINAL;
SELECT partition, count() AS parts, sum(rows) AS rows, formatReadableSize(sum(bytes_on_disk)) AS size FROM system.parts WHERE database='b' AND table='t' AND active GROUP BY partition ORDER BY partition;
   ┌─partition─┬─parts─┬────rows─┬─size─────┐
1. │ 202601    │     1 │ 1550000 │ 6.24 MiB │
2. │ 202602    │     1 │ 1400000 │ 5.64 MiB │
3. │ 202603    │     1 │ 1550000 │ 6.24 MiB │
4. │ 202604    │     1 │  500000 │ 2.01 MiB │
   └───────────┴───────┴─────────┴──────────┘
-- t_snap: same structure as t
CREATE TABLE b.t_snap AS b.t;
SET send_logs_level = 'none';
ALTER TABLE b.t_snap ATTACH PARTITION 202601 FROM b.t;
ALTER TABLE b.t_snap ATTACH PARTITION 202602 FROM b.t;
ALTER TABLE b.t_snap ATTACH PARTITION 202603 FROM b.t;
ALTER TABLE b.t_snap ATTACH PARTITION 202604 FROM b.t;
SYSTEM FLUSH LOGS;
SELECT query_duration_ms, read_rows, written_rows, ProfileEvents['WriteBufferFromFileDescriptorWriteBytes'] AS bytes_written, substr(query, 1, 60) AS q FROM system.query_log WHERE type='QueryFinish' AND query LIKE 'ALTER TABLE b.t_snap ATTACH PARTITION%' ORDER BY event_time_microseconds;
   ┌─query_duration_ms─┬─read_rows─┬─written_rows─┬─bytes_written─┬─q──────────────────────────────────────────────────────┐
1. │                 2 │         0 │            0 │             0 │ ALTER TABLE b.t_snap ATTACH PARTITION 202601 FROM b.t; │
2. │                 0 │         0 │            0 │             0 │ ALTER TABLE b.t_snap ATTACH PARTITION 202602 FROM b.t; │
3. │                 0 │         0 │            0 │             0 │ ALTER TABLE b.t_snap ATTACH PARTITION 202603 FROM b.t; │
4. │                 0 │         0 │            0 │             0 │ ALTER TABLE b.t_snap ATTACH PARTITION 202604 FROM b.t; │
   └───────────────────┴───────────┴──────────────┴───────────────┴────────────────────────────────────────────────────────┘
SELECT count() FROM b.t_snap;
   ┌─count()─┐
1. │ 5000000 │ -- 5.00 million
   └─────────┘
-- hardlinks? compare inode of a data file in t and t_snap
SELECT table, name, path FROM system.parts WHERE database='b' AND table IN ('t','t_snap') AND active AND partition='202601';
   ┌─table──┬─name─────────┬─path─────────────────────────────────────────────────────────────────────────────┐
1. │ t      │ 202601_1_2_1 │ /var/lib/clickhouse/store/17e/17ea80fc-bc87-491f-97fe-38240cd21738/202601_1_2_1/ │
2. │ t_snap │ 202601_1_1_1 │ /var/lib/clickhouse/store/73c/73c1569a-ca20-42a2-bd9a-b0f8a54457a4/202601_1_1_1/ │
   └────────┴──────────────┴──────────────────────────────────────────────────────────────────────────────────┘
-- structure mismatches
CREATE TABLE b.diff_order (id UInt64, ts DateTime, payload String) ENGINE = MergeTree PARTITION BY toYYYYMM(ts) ORDER BY (payload, id);
ALTER TABLE b.diff_order ATTACH PARTITION 202601 FROM b.t;
CREATE TABLE b.diff_partkey (id UInt64, ts DateTime, payload String) ENGINE = MergeTree PARTITION BY toYYYYMMDD(ts) ORDER BY id;
Received exception from server (version 26.3.32):
Code: 36. DB::Exception: Received from localhost:9000. DB::Exception: Tables have different ordering. (BAD_ARGUMENTS)
(query: ALTER TABLE b.diff_order ATTACH PARTITION 202601 FROM b.t;)
ALTER TABLE b.diff_partkey ATTACH PARTITION 202601 FROM b.t;
Received exception from server (version 26.3.32):
Code: 36. DB::Exception: Received from localhost:9000. DB::Exception: Tables have different partition key. (BAD_ARGUMENTS)
(query: ALTER TABLE b.diff_partkey ATTACH PARTITION 202601 FROM b.t;)
CREATE TABLE b.diff_coltype (id UInt64, ts DateTime, payload LowCardinality(String)) ENGINE = MergeTree PARTITION BY toYYYYMM(ts) ORDER BY id;
ALTER TABLE b.diff_coltype ATTACH PARTITION 202601 FROM b.t;
Received exception from server (version 26.3.32):
Code: 122. DB::Exception: Received from localhost:9000. DB::Exception: Tables have different structure. (INCOMPATIBLE_COLUMNS)
(query: ALTER TABLE b.diff_coltype ATTACH PARTITION 202601 FROM b.t;)
CREATE TABLE b.diff_colorder (id UInt64, payload String, ts DateTime) ENGINE = MergeTree PARTITION BY toYYYYMM(ts) ORDER BY id;
ALTER TABLE b.diff_colorder ATTACH PARTITION 202601 FROM b.t;
CREATE TABLE b.diff_extracol (id UInt64, ts DateTime, payload String, extra UInt8 DEFAULT 0) ENGINE = MergeTree PARTITION BY toYYYYMM(ts) ORDER BY id;
ALTER TABLE b.diff_extracol ATTACH PARTITION 202601 FROM b.t;
Received exception from server (version 26.3.32):
Code: 122. DB::Exception: Received from localhost:9000. DB::Exception: Tables have different structure. (INCOMPATIBLE_COLUMNS)
(query: ALTER TABLE b.diff_extracol ATTACH PARTITION 202601 FROM b.t;)
CREATE TABLE b.diff_index (id UInt64, ts DateTime, payload String, INDEX ip payload TYPE bloom_filter GRANULARITY 1) ENGINE = MergeTree PARTITION BY toYYYYMM(ts) ORDER BY id;
ALTER TABLE b.diff_index ATTACH PARTITION 202601 FROM b.t;
CREATE TABLE b.diff_settings (id UInt64, ts DateTime, payload String) ENGINE = MergeTree PARTITION BY toYYYYMM(ts) ORDER BY id SETTINGS index_granularity = 1024;
ALTER TABLE b.diff_settings ATTACH PARTITION 202601 FROM b.t;
CREATE TABLE b.diff_engine (id UInt64, ts DateTime, payload String) ENGINE = ReplacingMergeTree PARTITION BY toYYYYMM(ts) ORDER BY id;
ALTER TABLE b.diff_engine ATTACH PARTITION 202601 FROM b.t;
CREATE TABLE b.diff_ttl (id UInt64, ts DateTime, payload String) ENGINE = MergeTree PARTITION BY toYYYYMM(ts) ORDER BY id TTL ts + INTERVAL 10 YEAR;
ALTER TABLE b.diff_ttl ATTACH PARTITION 202601 FROM b.t;
CREATE TABLE b.diff_codec (id UInt64 CODEC(Delta, ZSTD), ts DateTime, payload String) ENGINE = MergeTree PARTITION BY toYYYYMM(ts) ORDER BY id;
ALTER TABLE b.diff_codec ATTACH PARTITION 202601 FROM b.t;
SELECT 'diff_*' AS t, table, sum(rows) FROM system.parts WHERE database='b' AND table LIKE 'diff_%' AND active GROUP BY table ORDER BY table;
   ┌─t──────┬─table─────────┬─sum(rows)─┐
1. │ diff_* │ diff_codec    │   1550000 │ -- 1.55 million
2. │ diff_* │ diff_colorder │   1550000 │ -- 1.55 million
3. │ diff_* │ diff_engine   │   1550000 │ -- 1.55 million
4. │ diff_* │ diff_index    │   1550000 │ -- 1.55 million
5. │ diff_* │ diff_settings │   1550000 │ -- 1.55 million
6. │ diff_* │ diff_ttl      │   1550000 │ -- 1.55 million
   └────────┴───────────────┴───────────┘
