[('202607', 2, 2000000), ('202608', 2, 2000000), ('202609', 2, 2000000)]
ledger	uuids		recorded	{"old": "13908123-0454-449a-91aa-4c37beb672f8", "new": "734d1ec2-84ae-40d1-b546-1b6a993a12ee"}
ledger	snapshot		done	{"202608": 2137119, "202607": 2136623, "202609": 2124858}
ledger	copy	202607	staged	2136623
ledger	copy	202607	moved	2136623
ledger	copy	202608	staged	2137119
ledger	copy	202608	moved	2137119
ledger	copy	202609	staged	2124858
ledger	copy	202609	moved	2124858
ledger	rebuild		done	
[10:44:27] re-running rebuild
rebuild already complete
[10:44:27] rebuild finished; writers keep going 3s
ledger	uuids		recorded	{"old": "13908123-0454-449a-91aa-4c37beb672f8", "new": "734d1ec2-84ae-40d1-b546-1b6a993a12ee"}
ledger	snapshot		done	{"202608": 2137119, "202607": 2136623, "202609": 2124858}
ledger	copy	202607	staged	2136623
ledger	copy	202607	moved	2136623
ledger	copy	202608	staged	2137119
ledger	copy	202608	moved	2137119
ledger	copy	202609	staged	2124858
ledger	copy	202609	moved	2124858
ledger	rebuild		done	
ledger	MergeTree	b7483f23-006c-4059-8347-de9f89463acf
mv_dep	MaterializedView	f7c30ccc-1665-4e47-8669-4734014cce20
sink	MergeTree	eb9e3dc6-6f07-41d3-a870-b8fbed0ce741
t	MergeTree	734d1ec2-84ae-40d1-b546-1b6a993a12ee
t_old_rebuilt	MergeTree	13908123-0454-449a-91aa-4c37beb672f8
final sorting key	k, ts, id
{
 "preload_rows": 6000000,
 "preload_missing": 0,
 "preload_duplicated": 0,
 "writer_batches": 9284,
 "writer_rows_acked": {
  "sync": 7096000,
  "async": 264200,
  "async0": 883000
 },
 "writer_errors_logged": 0,
 "missing_acked_ids_by_writer": {
  "async0": 200
 },
 "missing_sample": {
  "async0": [
   90049800,
   90049801,
   90049802
  ]
 },
 "duplicate_ids_inside_window": 88400,
 "duplicate_ids_outside_window": 0,
 "outside_sample": [],
 "final_rows": 14331400,
 "final_distinct_ids": 14243000,
 "dependent_mv_sink_ids_not_exactly_once": 0,
 "sink_rows": 14243000,
 "window_seconds": 1.445,
 "step_marks_rel": [
  "1:start@0.000",
  "1:end@0.101",
  "2:start@0.108",
  "2:end@1.343",
  "3:start@1.343",
  "3:end@1.445",
  "4:start@1.446",
  "4:stage-start:202607@1.466",
  "4:moved:202607@1.805",
  "4:stage-start:202608@1.813",
  "4:moved:202608@2.188",
  "4:stage-start:202609@2.195",
  "4:moved:202609@2.539",
  "4:end@2.539",
  "5:start@2.539",
  "5:exchanged@2.558",
  "5:t_dual_dropped@2.561",
  "5:end@2.664",
  "1:start@108.832"
 ]
}
{"step": 2, "waiting_on": [["21dcb83e-cd33-4553-b4f5-434ea3449fe4", "Insert", "0.003361", "INSERT INTO e.t (`id`, `ts`, `k`, `payload`) FORMAT Native\n"]], "t": 1790952158.886658}
{"step": 2, "waiting_on": [["374eeb00-87c9-4395-9a64-da97c64052e0", "Insert", "0.024601", "INSERT INTO e.t (`id`, `ts`, `k`, `payload`) FORMAT Native\n"]], "t": 1790952159.093209}
{"step": 2, "waiting_on": [["6287abfe-2721-464b-b5b4-00d51ab63ab5", "Insert", "0.056145", "INSERT INTO e.t (`id`, `ts`, `k`, `payload`) FORMAT Native\n"], ["af2c761b-ccff-4bd8-a92e-971c29c72c16", "AsyncInsertFlush", "0.004284", "INSERT INTO e.t (id, ts, k, payload) FORMAT Native"]], "t": 1790952159.29709}
async_insert_log	Ok	5921	1315817	
async_insert_log	FlushError	3	0	Code: 741. DB::Exception: Table e.t (16be1d2b-22d6-4b5f-83c0-4dac6c904e36) does not match 
stage queries	rebuild-stage-202607	QueryFinish	161	2022215	
stage queries	rebuild-stage-202608	QueryFinish	160	2022178	
stage queries	rebuild-stage-202609	QueryFinish	169	2020007	
stage queries	rebuild-stage-202607	QueryFinish	196	2136623	
stage queries	rebuild-stage-202608	QueryFinish	205	2137119	
stage queries	rebuild-stage-202609	QueryFinish	158	2124858	
